[07:25:19] ==== clean background characters start ====
[07:25:19] ▶ cleaning A01_bg_L1_day
[07:27:13] ✓ done A01_bg_L1_day
[07:27:13] ▶ cleaning A03_bg_L3_dusk
[07:28:54] ✓ done A03_bg_L3_dusk
[07:28:54] ▶ cleaning A04_bg_L4_night
[07:31:49] ✓ done A04_bg_L4_night
[07:31:49] ▶ cleaning A05_bg_L5_rain
[07:33:13] ✓ done A05_bg_L5_rain
[07:33:13] ▶ cleaning A06_bg_L6_dust
[07:36:17] ✓ done A06_bg_L6_dust
[07:36:17] ▶ cleaning A07_bg_L7_minetown
[07:38:07] ✓ done A07_bg_L7_minetown
[07:38:07] ▶ cleaning A08_bg_L8_abandoned
[07:39:42] ✓ done A08_bg_L8_abandoned
[07:39:42] ▶ cleaning A09_bg_L9_storm
[07:41:22] ✓ done A09_bg_L9_storm
[07:41:22] ▶ cleaning A10_bg_L10_final
[07:43:21] ✓ done A10_bg_L10_final
[07:43:21] ==== ALL DONE ====
